******************************************************************************
            TI ARM Clang Linker PC v4.0.4                      
******************************************************************************
>> Linked Thu Apr 16 13:25:52 2026

OUTPUT FILE NAME:   <ECE319K_Lab9.out>
ENTRY POINT SYMBOL: "_c_int00_noargs"  address: 000063e5


MEMORY CONFIGURATION

         name            origin    length      used     unused   attr    fill
----------------------  --------  ---------  --------  --------  ----  --------
  FLASH                 00000000   00020000  00006648  000199b8  R  X
  SRAM                  20200000   00008000  000007c1  0000783f  RW X
  BCR_CONFIG            41c00000   00000080  00000000  00000080  R   
  BSL_CONFIG            41c00100   00000080  00000000  00000080  R   


SEGMENT ALLOCATION MAP

run origin  load origin   length   init length attrs members
----------  ----------- ---------- ----------- ----- -------
00000000    00000000    00004678   00004678    r--
  00000000    00000000    000000c0   000000c0    r-- .intvecs
  000000c0    000000c0    000045b8   000045b8    r-- .rodata
00004680    00004680    00001fd0   00001fd0    r-x
  00004680    00004680    00001f40   00001f40    r-x .text
  000065c0    000065c0    00000090   00000090    r-- .cinit
20200000    20200000    000005c4   00000000    rw-
  20200000    20200000    00000200   00000000    rw- .sysmem
  20200200    20200200    000001e9   00000000    rw- .data
  202003ec    202003ec    000001d8   00000000    rw- .bss
20207e00    20207e00    00000200   00000000    rw-
  20207e00    20207e00    00000200   00000000    rw- .stack


SECTION ALLOCATION MAP

 output                                  attributes/
section   page    origin      length       input sections
--------  ----  ----------  ----------   ----------------
.intvecs   0    00000000    000000c0     
                  00000000    000000c0     startup_mspm0g3507_ticlang.o (.intvecs)

.text      0    00004680    00001f40     
                  00004680    00000210     ST7735.o (.text.ST7735_DrawBitmap)
                  00004890    000001b4     Clock.o (.text.Clock_Init80MHz)
                  00004a44    000001a8     ST7735.o (.text.ST7735_DrawChar)
                  00004bec    00000154     libc.a : fopen.c.obj (.text._openfile)
                  00004d40    00000118     ST7735.o (.text.ST7735_FillRect)
                  00004e58    00000114     libc.a : memory.c.obj (.text.aligned_alloc)
                  00004f6c    000000f8     SPI.o (.text.SPI_Init)
                  00005064    000000f4     ST7735.o (.text.ST7735_SetRotation)
                  00005158    000000ec     libsysbm.a : add_device.c.obj (.text.add_device)
                  00005244    000000e8     libc.a : memory.c.obj (.text.free)
                  0000532c    000000e0            : setvbuf.c.obj (.text.setvbuf)
                  0000540c    000000d0     ST7735.o (.text.ST7735_OutChar)
                  000054dc    000000a4     Lab9Main.o (.text.main)
                  00005580    000000a2     ST7735.o (.text.commandList)
                  00005622    00000002     Sound.o (.text.SysTick_Handler)
                  00005624    000000a0     libsysbm.a : open.c.obj (.text.open)
                  000056c4    0000009c     ST7735.o (.text.ST7735_InitPrintf)
                  00005760    00000098     ST7735.o (.text.ST7735_InitR)
                  000057f8    00000088     ST7735.o (.text.setAddrWindow)
                  00005880    00000088     libc.a : strcmp-armv6m.S.obj (.text:strcmp)
                  00005908    00000084     ST7735.o (.text.ST7735_DrawString)
                  0000598c    0000007c     LaunchPad.o (.text.LaunchPad_Init)
                  00005a08    0000007c     libc.a : fclose.c.obj (.text.__TI_closefile)
                  00005a84    0000007c            : copy_decompress_lzss.c.obj (.text:decompress:lzss)
                  00005b00    0000006c     libsysbm.a : hostlseek.c.obj (.text.HOSTlseek)
                  00005b6c    0000006c                : hostrename.c.obj (.text.HOSTrename)
                  00005bd8    0000006c     libc.a : getdevice.c.obj (.text.getdevice)
                  00005c44    00000064            : memory.c.obj (.text.split)
                  00005ca8    00000060     libsysbm.a : hostopen.c.obj (.text.HOSTopen)
                  00005d08    00000058                : hostread.c.obj (.text.HOSTread)
                  00005d60    00000058                : hostwrite.c.obj (.text.HOSTwrite)
                  00005db8    00000052     libc.a : fflush.c.obj (.text.__TI_doflush)
                  00005e0a    00000002     libclang_rt.builtins.a : aeabi_div0.c.obj (.text.__aeabi_idiv0)
                  00005e0c    00000050     libsysbm.a : close.c.obj (.text.close)
                  00005e5c    00000048                : hostclose.c.obj (.text.HOSTclose)
                  00005ea4    00000048                : hostunlink.c.obj (.text.HOSTunlink)
                  00005eec    00000048     SPI.o (.text.SPI_OutCommand)
                  00005f34    00000040     SPI.o (.text.SPI_Reset)
                  00005f74    00000040     TExaS.o (.text.TIMG7_IRQHandler)
                  00005fb4    00000040     libclang_rt.builtins.a : aeabi_uidivmod.S.obj (.text.__aeabi_uidivmod)
                  00005ff4    00000040     libc.a : fopen.c.obj (.text._search_fp)
                  00006034    0000003c            : autoinit.c.obj (.text:__TI_auto_init_nobinit_nopinit)
                  00006070    00000038     LaunchPad.o (.text.ActivatePortA_B)
                  000060a8    00000038     SPI.o (.text.SPI_OutData)
                  000060e0    00000034     Clock.o (.text.Clock_Delay1ms)
                  00006114    00000034     ST7735.o (.text.ST7735_SetCursor)
                  00006148    00000034     ST7735.o (.text.ST7735_write)
                  0000617c    00000034     libc.a : fopen.c.obj (.text.__TI_cleanup)
                  000061b0    00000034     libsysbm.a : trgmsg.c.obj (.text.__TI_readmsg)
                  000061e4    00000034                : trgmsg.c.obj (.text.__TI_writemsg)
                  00006218    00000034     libc.a : exit.c.obj (.text.exit)
                  0000624c    00000034            : getdevice.c.obj (.text.finddevice)
                  00006280    00000034            : fopen.c.obj (.text.freopen)
                  000062b4    00000030     ST7735.o (.text.commonInit)
                  000062e4    00000030     libc.a : fopen.c.obj (.text.fopen)
                  00006314    0000002c     ST7735.o (.text.ST7735_FillScreen)
                  00006340    0000002c     libsysbm.a : unlink.c.obj (.text.unlink)
                  0000636c    00000028     Lab9Main.o (.text.TIMG12_IRQHandler)
                  00006394    00000028     libc.a : memory.c.obj (.text.free_list_insert)
                  000063bc    00000028     libsysbm.a : write.c.obj (.text.write)
                  000063e4    00000028     libc.a : boot_cortex_m.c.obj (.text:_c_int00_noargs)
                  0000640c    0000001e     ST7735.o (.text.pushColor)
                  0000642a    00000002     libc.a : _lock.c.obj (.text._nop)
                  0000642c    0000001c     startup_mspm0g3507_ticlang.o (.text.Default_Handler)
                  00006448    0000001c     startup_mspm0g3507_ticlang.o (.text.HardFault_Handler)
                  00006464    0000001c     libc.a : memory.c.obj (.text.free_list_remove)
                  00006480    00000016     ST7735.o (.text.ST7735_open)
                  00006496    00000016     ST7735.o (.text.ST7735_read)
                  000064ac    00000016     libc.a : copy_zero_init.c.obj (.text:decompress:ZI:__TI_zero_init_nomemset)
                  000064c2    00000012            : memcpy16.S.obj (.text:TI_memcpy_small)
                  000064d4    00000012            : copy_decompress_none.c.obj (.text:decompress:none)
                  000064e6    00000010     Clock.o (.text.Clock_Delay)
                  000064f6    00000010     LaunchPad.o (.text.Delay)
                  00006506    0000000e     libc.a : memory.c.obj (.text.OUTLINED_FUNCTION_0)
                  00006514    0000000e     ST7735.o (.text.ST7735_lseek)
                  00006522    0000000e     libsysbm.a : hostrename.c.obj (.text.strcpy)
                  00006530    0000000e                : hostrename.c.obj (.text.strlen)
                  0000653e    0000000e     libc.a : memset16.S.obj (.text:TI_memset_small)
                  0000654c    0000000c     Clock.o (.text.Clock_Freq)
                  00006558    0000000c     ST7735.o (.text.ST7735_rename)
                  00006564    0000000c     libclang_rt.builtins.a : aeabi_memset.S.obj (.text.__aeabi_memclr)
                  00006570    0000000c     libc.a : memory.c.obj (.text.malloc)
                  0000657c    0000000a     Lab9Main.o (.text.PLL_Init)
                  00006586    0000000a     ST7735.o (.text.ST7735_close)
                  00006590    0000000a     ST7735.o (.text.ST7735_unlink)
                  0000659a    00000002     --HOLE-- [fill = 0]
                  0000659c    00000008     libclang_rt.builtins.a : aeabi_memcpy.S.obj (.text.__aeabi_memcpy)
                  000065a4    00000008     libsysbm.a : remove.c.obj (.text.remove)
                  000065ac    00000006     libc.a : exit.c.obj (.text:abort)
                  000065b2    00000004     libsysbm.a : hostexit.c.obj (.text.HOSTexit)
                  000065b6    00000004     startup_mspm0g3507_ticlang.o (.text.Reset_Handler)
                  000065ba    00000004     libc.a : pre_init.c.obj (.text._system_pre_init)
                  000065be    00000002     --HOLE-- [fill = 0]

.cinit     0    000065c0    00000090     
                  000065c0    0000006c     (.cinit..data.load) [load image, compression = lzss]
                  0000662c    0000000c     (__TI_handler_table)
                  00006638    00000008     (.cinit..bss.load) [load image, compression = zero_init]
                  00006640    00000010     (__TI_cinit_table)

.rodata    0    000000c0    000045b8     
                  000000c0    000015d6     Lab9Main.o (.rodata.bevo1)
                  00001696    000015d6     Lab9Main.o (.rodata.bevo2)
                  00002c6c    00000a32     Lab9Main.o (.rodata.Cow1)
                  0000369e    00000a32     Lab9Main.o (.rodata.Cow2)
                  000040d0    000004fb     ST7735.o (.rodata.Font)
                  000045cb    0000003b     ST7735.o (.rodata.Rcmd1)
                  00004606    0000002b     ST7735.o (.rodata.Rcmd3)
                  00004631    00000016     ST7735.o (.rodata.str1.2132471336006292093.1)
                  00004647    0000000d     ST7735.o (.rodata.Rcmd2green)
                  00004654    0000000d     ST7735.o (.rodata.Rcmd2red)
                  00004661    00000008     ST7735.o (.rodata.str1.14694424544768695619.1)
                  00004669    00000007     ST7735.o (.rodata.str1.1448485181700679404.1)
                  00004670    00000002     ST7735.o (.rodata.str1.4408429423603725162.1)
                  00004672    00000006     --HOLE-- [fill = 0]

.init_array 
*          0    00000000    00000000     UNINITIALIZED

.binit     0    00000000    00000000     

.sysmem    0    20200000    00000200     UNINITIALIZED
                  20200000    00000010     libc.a : memory.c.obj (.sysmem)
                  20200010    000001f0     --HOLE--

.data      0    20200200    000001e9     UNINITIALIZED
                  20200200    000000f0     libc.a : defs.c.obj (.data._ftable)
                  202002f0    00000078     libsysbm.a : host_device.c.obj (.data._device)
                  20200368    00000050                : host_device.c.obj (.data._stream)
                  202003b8    00000008     libc.a : exit.c.obj (.data..L_MergedGlobals)
                  202003c0    00000004     Clock.o (.data.BusFreq)
                  202003c4    00000004     ST7735.o (.data.StX)
                  202003c8    00000004     ST7735.o (.data.StY)
                  202003cc    00000004     libc.a : defs.c.obj (.data.__TI_ft_end)
                  202003d0    00000004            : _lock.c.obj (.data._lock)
                  202003d4    00000004            : _lock.c.obj (.data._unlock)
                  202003d8    00000002     ST7735.o (.data.StTextColor)
                  202003da    00000002     ST7735.o (.data._height)
                  202003dc    00000002     ST7735.o (.data._width)
                  202003de    00000002     --HOLE--
                  202003e0    00000001     libsysbm.a : add_device.c.obj (.data.add_device.device_init)
                  202003e1    00000003     --HOLE--
                  202003e4    00000001     libc.a : memory.c.obj (.data.memory_is_initialized)
                  202003e5    00000003     --HOLE--
                  202003e8    00000001     libsysbm.a : open.c.obj (.data.open.stream_init)

.bss       0    202003ec    000001d8     UNINITIALIZED
                  202003ec    00000120     libsysbm.a : trgmsg.c.obj (.bss:_CIOBUF_)
                  2020050c    000000a0     libc.a : defs.c.obj (.bss.__TI_tmpnams)
                  202005ac    00000008     libsysbm.a : hostopen.c.obj (.bss.parmbuf)
                  202005b4    00000004     libc.a : memory.c.obj (.bss.sys_free)
                  202005b8    00000004     (.common:TExaSLogic)
                  202005bc    00000004     (.common:TExaSadc)
                  202005c0    00000001     ST7735.o (.bss.ColStart)
                  202005c1    00000001     ST7735.o (.bss.Rotation)
                  202005c2    00000001     ST7735.o (.bss.RowStart)
                  202005c3    00000001     ST7735.o (.bss.TabColor)

.stack     0    20207e00    00000200     UNINITIALIZED
                  20207e00    00000004     libc.a : boot_cortex_m.c.obj (.stack)
                  20207e04    000001fc     --HOLE--

__llvm_prf_cnts 
*          0    20200000    00000000     UNINITIALIZED

__llvm_prf_bits 
*          0    20200000    00000000     UNINITIALIZED

MODULE SUMMARY

       Module                         code   ro data   rw data
       ------                         ----   -------   -------
    .\
       Lab9Main.o                     214    16400     0      
       ST7735.o                       2738   1442      18     
       Clock.o                        516    0         4      
       SPI.o                          440    0         0      
       LaunchPad.o                    196    0         0      
       TExaS.o                        64     0         8      
       Sound.o                        2      0         0      
    +--+------------------------------+------+---------+---------+
       Total:                         4170   17842     30     
                                                              
    .\ticlang\
       startup_mspm0g3507_ticlang.o   60     192       0      
    +--+------------------------------+------+---------+---------+
       Total:                         60     192       0      
                                                              
    C:\ti\ccs2040\ccs\tools\compiler\ti-cgt-armllvm_4.0.4.LTS\lib\armv6m-ti-none-eabi/c/libc.a
       memory.c.obj                   702    0         5      
       fopen.c.obj                    556    0         0      
       defs.c.obj                     0      0         404    
       setvbuf.c.obj                  224    0         0      
       getdevice.c.obj                160    0         0      
       strcmp-armv6m.S.obj            136    0         0      
       copy_decompress_lzss.c.obj     124    0         0      
       fclose.c.obj                   124    0         0      
       fflush.c.obj                   82     0         0      
       exit.c.obj                     58     0         8      
       autoinit.c.obj                 60     0         0      
       boot_cortex_m.c.obj            40     0         0      
       copy_zero_init.c.obj           22     0         0      
       copy_decompress_none.c.obj     18     0         0      
       memcpy16.S.obj                 18     0         0      
       memset16.S.obj                 14     0         0      
       _lock.c.obj                    2      0         8      
       pre_init.c.obj                 4      0         0      
    +--+------------------------------+------+---------+---------+
       Total:                         2344   0         425    
                                                              
    C:\ti\ccs2040\ccs\tools\compiler\ti-cgt-armllvm_4.0.4.LTS\lib\armv6m-ti-none-eabi/c/libsysbm.a
       trgmsg.c.obj                   104    0         288    
       add_device.c.obj               236    0         1      
       host_device.c.obj              0      0         200    
       open.c.obj                     160    0         1      
       hostrename.c.obj               136    0         0      
       hostlseek.c.obj                108    0         0      
       hostopen.c.obj                 96     0         8      
       hostread.c.obj                 88     0         0      
       hostwrite.c.obj                88     0         0      
       close.c.obj                    80     0         0      
       hostclose.c.obj                72     0         0      
       hostunlink.c.obj               72     0         0      
       unlink.c.obj                   44     0         0      
       write.c.obj                    40     0         0      
       remove.c.obj                   8      0         0      
       hostexit.c.obj                 4      0         0      
    +--+------------------------------+------+---------+---------+
       Total:                         1336   0         498    
                                                              
    C:\ti\ccs2040\ccs\tools\compiler\ti-cgt-armllvm_4.0.4.LTS\lib\armv6m-ti-none-eabi/libclang_rt.builtins.a
       aeabi_uidivmod.S.obj           64     0         0      
       aeabi_memset.S.obj             12     0         0      
       aeabi_memcpy.S.obj             8      0         0      
       aeabi_div0.c.obj               2      0         0      
    +--+------------------------------+------+---------+---------+
       Total:                         86     0         0      
                                                              
       Heap:                          0      0         512    
       Stack:                         0      0         512    
       Linker Generated:              0      144       0      
    +--+------------------------------+------+---------+---------+
       Grand Total:                   7996   18178     1977   


LINKER GENERATED COPY TABLES

__TI_cinit_table @ 00006640 records: 2, size/record: 8, table size: 16
	.data: load addr=000065c0, load size=0000006c bytes, run addr=20200200, run size=000001e9 bytes, compression=lzss
	.bss: load addr=00006638, load size=00000008 bytes, run addr=202003ec, run size=000001d8 bytes, compression=zero_init


LINKER GENERATED HANDLER TABLE

__TI_handler_table @ 0000662c records: 3, size/record: 4, table size: 12
	index: 0, handler: __TI_decompress_lzss
	index: 1, handler: __TI_decompress_none
	index: 2, handler: __TI_zero_init


GLOBAL SYMBOLS: SORTED ALPHABETICALLY BY Name 

address   name                          
-------   ----                          
0000642d  ADC0_IRQHandler               
0000642d  ADC1_IRQHandler               
0000642d  AES_IRQHandler                
00006071  ActivatePortA_B               
202003c0  BusFreq                       
000065b2  C$$EXIT                       
00006211  C$$IO$$                       
0000642d  CANFD0_IRQHandler             
000064e7  Clock_Delay                   
000060e1  Clock_Delay1ms                
0000654d  Clock_Freq                    
00004891  Clock_Init80MHz               
00002c6c  Cow1                          
0000369e  Cow2                          
0000642d  DAC0_IRQHandler               
0000642d  DMA_IRQHandler                
0000642d  Default_Handler               
000064f7  Delay                         
0000642d  GROUP0_IRQHandler             
0000642d  GROUP1_IRQHandler             
00005e5d  HOSTclose                     
000065b3  HOSTexit                      
00005b01  HOSTlseek                     
00005ca9  HOSTopen                      
00005d09  HOSTread                      
00005b6d  HOSTrename                    
00005ea5  HOSTunlink                    
00005d61  HOSTwrite                     
00006449  HardFault_Handler             
0000642d  I2C0_IRQHandler               
0000642d  I2C1_IRQHandler               
0000598d  LaunchPad_Init                
0000642d  NMI_Handler                   
0000657d  PLL_Init                      
0000642d  PendSV_Handler                
0000642d  RTC_IRQHandler                
000065b7  Reset_Handler                 
0000642d  SPI0_IRQHandler               
0000642d  SPI1_IRQHandler               
00004f6d  SPI_Init                      
00005eed  SPI_OutCommand                
000060a9  SPI_OutData                   
00005f35  SPI_Reset                     
00004681  ST7735_DrawBitmap             
00004a45  ST7735_DrawChar               
00005909  ST7735_DrawString             
00004d41  ST7735_FillRect               
00006315  ST7735_FillScreen             
000056c5  ST7735_InitPrintf             
00005761  ST7735_InitR                  
0000540d  ST7735_OutChar                
00006115  ST7735_SetCursor              
00005065  ST7735_SetRotation            
00006587  ST7735_close                  
00006515  ST7735_lseek                  
00006481  ST7735_open                   
00006497  ST7735_read                   
00006559  ST7735_rename                 
00006591  ST7735_unlink                 
00006149  ST7735_write                  
0000642d  SVC_Handler                   
202003d8  StTextColor                   
202003c4  StX                           
202003c8  StY                           
00005623  SysTick_Handler               
202005b8  TExaSLogic                    
202005bc  TExaSadc                      
0000642d  TIMA0_IRQHandler              
0000642d  TIMA1_IRQHandler              
0000642d  TIMG0_IRQHandler              
0000636d  TIMG12_IRQHandler             
0000642d  TIMG6_IRQHandler              
00005f75  TIMG7_IRQHandler              
0000642d  TIMG8_IRQHandler              
000064c3  TI_memcpy_small               
0000653f  TI_memset_small               
0000642d  UART0_IRQHandler              
0000642d  UART1_IRQHandler              
0000642d  UART2_IRQHandler              
0000642d  UART3_IRQHandler              
202003ec  _CIOBUF_                      
202003ec  __CIOBUF_                     
20208000  __STACK_END                   
00000200  __STACK_SIZE                  
00000200  __SYSMEM_SIZE                 
00000000  __TI_ATRegion0_region_sz      
00000000  __TI_ATRegion0_src_addr       
00000000  __TI_ATRegion0_trg_addr       
00000000  __TI_ATRegion1_region_sz      
00000000  __TI_ATRegion1_src_addr       
00000000  __TI_ATRegion1_trg_addr       
00000000  __TI_ATRegion2_region_sz      
00000000  __TI_ATRegion2_src_addr       
00000000  __TI_ATRegion2_trg_addr       
00006640  __TI_CINIT_Base               
00006650  __TI_CINIT_Limit              
00006650  __TI_CINIT_Warm               
0000662c  __TI_Handler_Table_Base       
00006638  __TI_Handler_Table_Limit      
00006035  __TI_auto_init_nobinit_nopinit
0000617d  __TI_cleanup                  
202003b8  __TI_cleanup_ptr              
00005a09  __TI_closefile                
00005a85  __TI_decompress_lzss          
000064d5  __TI_decompress_none          
00005db9  __TI_doflush                  
202003bc  __TI_dtors_ptr                
202003cc  __TI_ft_end                   
ffffffff  __TI_pprof_out_hndl           
ffffffff  __TI_prof_data_size           
ffffffff  __TI_prof_data_start          
000061b1  __TI_readmsg                  
00000000  __TI_static_base__            
2020050c  __TI_tmpnams                  
000061e5  __TI_writemsg                 
000064ad  __TI_zero_init_nomemset       
00005e0b  __aeabi_idiv0                 
00006565  __aeabi_memclr                
00006565  __aeabi_memclr4               
00006565  __aeabi_memclr8               
0000659d  __aeabi_memcpy                
0000659d  __aeabi_memcpy4               
0000659d  __aeabi_memcpy8               
00005fb5  __aeabi_uidiv                 
00005fb5  __aeabi_uidivmod              
ffffffff  __binit__                     
UNDEFED   __mpu_init                    
20207e00  __stack                       
20200000  __start___llvm_prf_bits       
20200000  __start___llvm_prf_cnts       
20200000  __stop___llvm_prf_bits        
20200000  __stop___llvm_prf_cnts        
000063e5  _c_int00_noargs               
202002f0  _device                       
20200200  _ftable                       
202003d0  _lock                         
0000642b  _nop                          
20200368  _stream                       
20200000  _sys_memory                   
UNDEFED   _system_post_cinit            
000065bb  _system_pre_init              
202003d4  _unlock                       
000065ad  abort                         
00005159  add_device                    
00004e59  aligned_alloc                 
000000c0  bevo1                         
00001696  bevo2                         
ffffffff  binit                         
00005e0d  close                         
00006219  exit                          
0000624d  finddevice                    
000062e5  fopen                         
00005245  free                          
00006281  freopen                       
00005bd9  getdevice                     
00000000  interruptVectors              
000054dd  main                          
00006571  malloc                        
00004e59  memalign                      
00005625  open                          
202005ac  parmbuf                       
000065a5  remove                        
0000532d  setvbuf                       
00005881  strcmp                        
00006341  unlink                        
000063bd  write                         


GLOBAL SYMBOLS: SORTED BY Symbol Address 

address   name                          
-------   ----                          
00000000  __TI_ATRegion0_region_sz      
00000000  __TI_ATRegion0_src_addr       
00000000  __TI_ATRegion0_trg_addr       
00000000  __TI_ATRegion1_region_sz      
00000000  __TI_ATRegion1_src_addr       
00000000  __TI_ATRegion1_trg_addr       
00000000  __TI_ATRegion2_region_sz      
00000000  __TI_ATRegion2_src_addr       
00000000  __TI_ATRegion2_trg_addr       
00000000  __TI_static_base__            
00000000  interruptVectors              
000000c0  bevo1                         
00000200  __STACK_SIZE                  
00000200  __SYSMEM_SIZE                 
00001696  bevo2                         
00002c6c  Cow1                          
0000369e  Cow2                          
00004681  ST7735_DrawBitmap             
00004891  Clock_Init80MHz               
00004a45  ST7735_DrawChar               
00004d41  ST7735_FillRect               
00004e59  aligned_alloc                 
00004e59  memalign                      
00004f6d  SPI_Init                      
00005065  ST7735_SetRotation            
00005159  add_device                    
00005245  free                          
0000532d  setvbuf                       
0000540d  ST7735_OutChar                
000054dd  main                          
00005623  SysTick_Handler               
00005625  open                          
000056c5  ST7735_InitPrintf             
00005761  ST7735_InitR                  
00005881  strcmp                        
00005909  ST7735_DrawString             
0000598d  LaunchPad_Init                
00005a09  __TI_closefile                
00005a85  __TI_decompress_lzss          
00005b01  HOSTlseek                     
00005b6d  HOSTrename                    
00005bd9  getdevice                     
00005ca9  HOSTopen                      
00005d09  HOSTread                      
00005d61  HOSTwrite                     
00005db9  __TI_doflush                  
00005e0b  __aeabi_idiv0                 
00005e0d  close                         
00005e5d  HOSTclose                     
00005ea5  HOSTunlink                    
00005eed  SPI_OutCommand                
00005f35  SPI_Reset                     
00005f75  TIMG7_IRQHandler              
00005fb5  __aeabi_uidiv                 
00005fb5  __aeabi_uidivmod              
00006035  __TI_auto_init_nobinit_nopinit
00006071  ActivatePortA_B               
000060a9  SPI_OutData                   
000060e1  Clock_Delay1ms                
00006115  ST7735_SetCursor              
00006149  ST7735_write                  
0000617d  __TI_cleanup                  
000061b1  __TI_readmsg                  
000061e5  __TI_writemsg                 
00006211  C$$IO$$                       
00006219  exit                          
0000624d  finddevice                    
00006281  freopen                       
000062e5  fopen                         
00006315  ST7735_FillScreen             
00006341  unlink                        
0000636d  TIMG12_IRQHandler             
000063bd  write                         
000063e5  _c_int00_noargs               
0000642b  _nop                          
0000642d  ADC0_IRQHandler               
0000642d  ADC1_IRQHandler               
0000642d  AES_IRQHandler                
0000642d  CANFD0_IRQHandler             
0000642d  DAC0_IRQHandler               
0000642d  DMA_IRQHandler                
0000642d  Default_Handler               
0000642d  GROUP0_IRQHandler             
0000642d  GROUP1_IRQHandler             
0000642d  I2C0_IRQHandler               
0000642d  I2C1_IRQHandler               
0000642d  NMI_Handler                   
0000642d  PendSV_Handler                
0000642d  RTC_IRQHandler                
0000642d  SPI0_IRQHandler               
0000642d  SPI1_IRQHandler               
0000642d  SVC_Handler                   
0000642d  TIMA0_IRQHandler              
0000642d  TIMA1_IRQHandler              
0000642d  TIMG0_IRQHandler              
0000642d  TIMG6_IRQHandler              
0000642d  TIMG8_IRQHandler              
0000642d  UART0_IRQHandler              
0000642d  UART1_IRQHandler              
0000642d  UART2_IRQHandler              
0000642d  UART3_IRQHandler              
00006449  HardFault_Handler             
00006481  ST7735_open                   
00006497  ST7735_read                   
000064ad  __TI_zero_init_nomemset       
000064c3  TI_memcpy_small               
000064d5  __TI_decompress_none          
000064e7  Clock_Delay                   
000064f7  Delay                         
00006515  ST7735_lseek                  
0000653f  TI_memset_small               
0000654d  Clock_Freq                    
00006559  ST7735_rename                 
00006565  __aeabi_memclr                
00006565  __aeabi_memclr4               
00006565  __aeabi_memclr8               
00006571  malloc                        
0000657d  PLL_Init                      
00006587  ST7735_close                  
00006591  ST7735_unlink                 
0000659d  __aeabi_memcpy                
0000659d  __aeabi_memcpy4               
0000659d  __aeabi_memcpy8               
000065a5  remove                        
000065ad  abort                         
000065b2  C$$EXIT                       
000065b3  HOSTexit                      
000065b7  Reset_Handler                 
000065bb  _system_pre_init              
0000662c  __TI_Handler_Table_Base       
00006638  __TI_Handler_Table_Limit      
00006640  __TI_CINIT_Base               
00006650  __TI_CINIT_Limit              
00006650  __TI_CINIT_Warm               
20200000  __start___llvm_prf_bits       
20200000  __start___llvm_prf_cnts       
20200000  __stop___llvm_prf_bits        
20200000  __stop___llvm_prf_cnts        
20200000  _sys_memory                   
20200200  _ftable                       
202002f0  _device                       
20200368  _stream                       
202003b8  __TI_cleanup_ptr              
202003bc  __TI_dtors_ptr                
202003c0  BusFreq                       
202003c4  StX                           
202003c8  StY                           
202003cc  __TI_ft_end                   
202003d0  _lock                         
202003d4  _unlock                       
202003d8  StTextColor                   
202003ec  _CIOBUF_                      
202003ec  __CIOBUF_                     
2020050c  __TI_tmpnams                  
202005ac  parmbuf                       
202005b8  TExaSLogic                    
202005bc  TExaSadc                      
20207e00  __stack                       
20208000  __STACK_END                   
ffffffff  __TI_pprof_out_hndl           
ffffffff  __TI_prof_data_size           
ffffffff  __TI_prof_data_start          
ffffffff  __binit__                     
ffffffff  binit                         
UNDEFED   __mpu_init                    
UNDEFED   _system_post_cinit            

[166 symbols]
