******************************************************************************
            TI ARM Clang Linker PC v4.0.4                      
******************************************************************************
>> Linked Thu Apr 16 14:47:26 2026

OUTPUT FILE NAME:   <ECE319K_Lab9.out>
ENTRY POINT SYMBOL: "_c_int00_noargs"  address: 000064a5


MEMORY CONFIGURATION

         name            origin    length      used     unused   attr    fill
----------------------  --------  ---------  --------  --------  ----  --------
  FLASH                 00000000   00020000  00006710  000198f0  R  X
  SRAM                  20200000   00008000  000007c1  0000783f  RW X
  BCR_CONFIG            41c00000   00000080  00000000  00000080  R   
  BSL_CONFIG            41c00100   00000080  00000000  00000080  R   


SEGMENT ALLOCATION MAP

run origin  load origin   length   init length attrs members
----------  ----------- ---------- ----------- ----- -------
00000000    00000000    00004678   00004678    r--
  00000000    00000000    000000c0   000000c0    r-- .intvecs
  000000c0    000000c0    000045b8   000045b8    r-- .rodata
00004680    00004680    00002098   00002098    r-x
  00004680    00004680    00002000   00002000    r-x .text
  00006680    00006680    00000098   00000098    r-- .cinit
20200000    20200000    000005c4   00000000    rw-
  20200000    20200000    00000200   00000000    rw- .sysmem
  20200200    20200200    000001e9   00000000    rw- .data
  202003ec    202003ec    000001d8   00000000    rw- .bss
20207e00    20207e00    00000200   00000000    rw-
  20207e00    20207e00    00000200   00000000    rw- .stack


SECTION ALLOCATION MAP

 output                                  attributes/
section   page    origin      length       input sections
--------  ----  ----------  ----------   ----------------
.intvecs   0    00000000    000000c0     
                  00000000    000000c0     startup_mspm0g3507_ticlang.o (.intvecs)

.text      0    00004680    00002000     
                  00004680    00000210     ST7735.o (.text.ST7735_DrawBitmap)
                  00004890    000001b4     Clock.o (.text.Clock_Init80MHz)
                  00004a44    000001a8     ST7735.o (.text.ST7735_DrawChar)
                  00004bec    00000154     libc.a : fopen.c.obj (.text._openfile)
                  00004d40    00000118     ST7735.o (.text.ST7735_FillRect)
                  00004e58    00000114     libc.a : memory.c.obj (.text.aligned_alloc)
                  00004f6c    000000f8     SPI.o (.text.SPI_Init)
                  00005064    000000f4     ST7735.o (.text.ST7735_SetRotation)
                  00005158    000000ec     libsysbm.a : add_device.c.obj (.text.add_device)
                  00005244    000000e8     libc.a : memory.c.obj (.text.free)
                  0000532c    000000e0            : setvbuf.c.obj (.text.setvbuf)
                  0000540c    000000d0     ST7735.o (.text.ST7735_OutChar)
                  000054dc    000000b0     ST7735.o (.text.ST7735_DrawFastVLine)
                  0000558c    000000b0     Lab9Main.o (.text.main)
                  0000563c    000000a2     ST7735.o (.text.commandList)
                  000056de    00000002     Sound.o (.text.SysTick_Handler)
                  000056e0    000000a0     libsysbm.a : open.c.obj (.text.open)
                  00005780    0000009c     ST7735.o (.text.ST7735_InitPrintf)
                  0000581c    00000098     ST7735.o (.text.ST7735_InitR)
                  000058b4    00000088     ST7735.o (.text.setAddrWindow)
                  0000593c    00000004     libsysbm.a : hostexit.c.obj (.text.HOSTexit)
                  00005940    00000088     libc.a : strcmp-armv6m.S.obj (.text:strcmp)
                  000059c8    00000084     ST7735.o (.text.ST7735_DrawString)
                  00005a4c    0000007c     LaunchPad.o (.text.LaunchPad_Init)
                  00005ac8    0000007c     libc.a : fclose.c.obj (.text.__TI_closefile)
                  00005b44    0000007c            : copy_decompress_lzss.c.obj (.text:decompress:lzss)
                  00005bc0    0000006c     libsysbm.a : hostlseek.c.obj (.text.HOSTlseek)
                  00005c2c    0000006c                : hostrename.c.obj (.text.HOSTrename)
                  00005c98    0000006c     libc.a : getdevice.c.obj (.text.getdevice)
                  00005d04    00000064            : memory.c.obj (.text.split)
                  00005d68    00000060     libsysbm.a : hostopen.c.obj (.text.HOSTopen)
                  00005dc8    00000058                : hostread.c.obj (.text.HOSTread)
                  00005e20    00000058                : hostwrite.c.obj (.text.HOSTwrite)
                  00005e78    00000052     libc.a : fflush.c.obj (.text.__TI_doflush)
                  00005eca    00000002     libclang_rt.builtins.a : aeabi_div0.c.obj (.text.__aeabi_idiv0)
                  00005ecc    00000050     libsysbm.a : close.c.obj (.text.close)
                  00005f1c    00000048                : hostclose.c.obj (.text.HOSTclose)
                  00005f64    00000048                : hostunlink.c.obj (.text.HOSTunlink)
                  00005fac    00000048     SPI.o (.text.SPI_OutCommand)
                  00005ff4    00000040     SPI.o (.text.SPI_Reset)
                  00006034    00000040     TExaS.o (.text.TIMG7_IRQHandler)
                  00006074    00000040     libclang_rt.builtins.a : aeabi_uidivmod.S.obj (.text.__aeabi_uidivmod)
                  000060b4    00000040     libc.a : fopen.c.obj (.text._search_fp)
                  000060f4    0000003c            : autoinit.c.obj (.text:__TI_auto_init_nobinit_nopinit)
                  00006130    00000038     LaunchPad.o (.text.ActivatePortA_B)
                  00006168    00000038     SPI.o (.text.SPI_OutData)
                  000061a0    00000034     Clock.o (.text.Clock_Delay1ms)
                  000061d4    00000034     ST7735.o (.text.ST7735_SetCursor)
                  00006208    00000034     ST7735.o (.text.ST7735_write)
                  0000623c    00000034     libc.a : fopen.c.obj (.text.__TI_cleanup)
                  00006270    00000034     libsysbm.a : trgmsg.c.obj (.text.__TI_readmsg)
                  000062a4    00000034                : trgmsg.c.obj (.text.__TI_writemsg)
                  000062d8    00000034     libc.a : exit.c.obj (.text.exit)
                  0000630c    00000034            : getdevice.c.obj (.text.finddevice)
                  00006340    00000034            : fopen.c.obj (.text.freopen)
                  00006374    00000030     ST7735.o (.text.commonInit)
                  000063a4    00000030     libc.a : fopen.c.obj (.text.fopen)
                  000063d4    0000002c     ST7735.o (.text.ST7735_FillScreen)
                  00006400    0000002c     libsysbm.a : unlink.c.obj (.text.unlink)
                  0000642c    00000028     Lab9Main.o (.text.TIMG12_IRQHandler)
                  00006454    00000028     libc.a : memory.c.obj (.text.free_list_insert)
                  0000647c    00000028     libsysbm.a : write.c.obj (.text.write)
                  000064a4    00000028     libc.a : boot_cortex_m.c.obj (.text:_c_int00_noargs)
                  000064cc    0000001e     ST7735.o (.text.pushColor)
                  000064ea    00000002     libc.a : _lock.c.obj (.text._nop)
                  000064ec    0000001c     startup_mspm0g3507_ticlang.o (.text.Default_Handler)
                  00006508    0000001c     startup_mspm0g3507_ticlang.o (.text.HardFault_Handler)
                  00006524    0000001c     libc.a : memory.c.obj (.text.free_list_remove)
                  00006540    00000016     ST7735.o (.text.ST7735_open)
                  00006556    00000016     ST7735.o (.text.ST7735_read)
                  0000656c    00000016     libc.a : copy_zero_init.c.obj (.text:decompress:ZI:__TI_zero_init_nomemset)
                  00006582    00000012            : memcpy16.S.obj (.text:TI_memcpy_small)
                  00006594    00000012            : copy_decompress_none.c.obj (.text:decompress:none)
                  000065a6    00000010     Clock.o (.text.Clock_Delay)
                  000065b6    00000010     LaunchPad.o (.text.Delay)
                  000065c6    0000000e     libc.a : memory.c.obj (.text.OUTLINED_FUNCTION_0)
                  000065d4    0000000e     ST7735.o (.text.ST7735_lseek)
                  000065e2    0000000e     libsysbm.a : hostrename.c.obj (.text.strcpy)
                  000065f0    0000000e                : hostrename.c.obj (.text.strlen)
                  000065fe    0000000e     libc.a : memset16.S.obj (.text:TI_memset_small)
                  0000660c    0000000c     Clock.o (.text.Clock_Freq)
                  00006618    0000000c     ST7735.o (.text.ST7735_rename)
                  00006624    0000000c     libclang_rt.builtins.a : aeabi_memset.S.obj (.text.__aeabi_memclr)
                  00006630    0000000c     libc.a : memory.c.obj (.text.malloc)
                  0000663c    0000000a     Lab9Main.o (.text.PLL_Init)
                  00006646    0000000a     ST7735.o (.text.ST7735_close)
                  00006650    0000000a     ST7735.o (.text.ST7735_unlink)
                  0000665a    00000002     --HOLE-- [fill = 0]
                  0000665c    00000008     libclang_rt.builtins.a : aeabi_memcpy.S.obj (.text.__aeabi_memcpy)
                  00006664    00000008     libsysbm.a : remove.c.obj (.text.remove)
                  0000666c    00000006     libc.a : exit.c.obj (.text:abort)
                  00006672    00000004     startup_mspm0g3507_ticlang.o (.text.Reset_Handler)
                  00006676    00000004     libc.a : pre_init.c.obj (.text._system_pre_init)
                  0000667a    00000006     --HOLE-- [fill = 0]

.cinit     0    00006680    00000098     
                  00006680    0000006e     (.cinit..data.load) [load image, compression = lzss]
                  000066ee    00000002     --HOLE-- [fill = 0]
                  000066f0    0000000c     (__TI_handler_table)
                  000066fc    00000008     (.cinit..bss.load) [load image, compression = zero_init]
                  00006704    00000010     (__TI_cinit_table)
                  00006714    00000004     --HOLE-- [fill = 0]

.rodata    0    000000c0    000045b8     
                  000000c0    000015d6     Lab9Main.o (.rodata.bevo1)
                  00001696    000015d6     Lab9Main.o (.rodata.bevo2)
                  00002c6c    00000a32     Lab9Main.o (.rodata.Cow1)
                  0000369e    00000a32     Lab9Main.o (.rodata.Cow2)
                  000040d0    000004fb     ST7735.o (.rodata.Font)
                  000045cb    0000003b     ST7735.o (.rodata.Rcmd1)
                  00004606    0000002b     ST7735.o (.rodata.Rcmd3)
                  00004631    00000016     ST7735.o (.rodata.str1.2132471336006292093.1)
                  00004647    0000000d     ST7735.o (.rodata.Rcmd2green)
                  00004654    0000000d     ST7735.o (.rodata.Rcmd2red)
                  00004661    00000008     ST7735.o (.rodata.str1.14694424544768695619.1)
                  00004669    00000007     ST7735.o (.rodata.str1.1448485181700679404.1)
                  00004670    00000002     ST7735.o (.rodata.str1.4408429423603725162.1)
                  00004672    00000006     --HOLE-- [fill = 0]

.init_array 
*          0    00000000    00000000     UNINITIALIZED

.binit     0    00000000    00000000     

.sysmem    0    20200000    00000200     UNINITIALIZED
                  20200000    00000010     libc.a : memory.c.obj (.sysmem)
                  20200010    000001f0     --HOLE--

.data      0    20200200    000001e9     UNINITIALIZED
                  20200200    000000f0     libc.a : defs.c.obj (.data._ftable)
                  202002f0    00000078     libsysbm.a : host_device.c.obj (.data._device)
                  20200368    00000050                : host_device.c.obj (.data._stream)
                  202003b8    00000008     libc.a : exit.c.obj (.data..L_MergedGlobals)
                  202003c0    00000004     Clock.o (.data.BusFreq)
                  202003c4    00000004     ST7735.o (.data.StX)
                  202003c8    00000004     ST7735.o (.data.StY)
                  202003cc    00000004     libc.a : defs.c.obj (.data.__TI_ft_end)
                  202003d0    00000004            : _lock.c.obj (.data._lock)
                  202003d4    00000004            : _lock.c.obj (.data._unlock)
                  202003d8    00000002     ST7735.o (.data.StTextColor)
                  202003da    00000002     ST7735.o (.data._height)
                  202003dc    00000002     ST7735.o (.data._width)
                  202003de    00000002     --HOLE--
                  202003e0    00000001     libsysbm.a : add_device.c.obj (.data.add_device.device_init)
                  202003e1    00000003     --HOLE--
                  202003e4    00000001     libc.a : memory.c.obj (.data.memory_is_initialized)
                  202003e5    00000003     --HOLE--
                  202003e8    00000001     libsysbm.a : open.c.obj (.data.open.stream_init)

.bss       0    202003ec    000001d8     UNINITIALIZED
                  202003ec    00000120     libsysbm.a : trgmsg.c.obj (.bss:_CIOBUF_)
                  2020050c    000000a0     libc.a : defs.c.obj (.bss.__TI_tmpnams)
                  202005ac    00000008     libsysbm.a : hostopen.c.obj (.bss.parmbuf)
                  202005b4    00000004     libc.a : memory.c.obj (.bss.sys_free)
                  202005b8    00000004     (.common:TExaSLogic)
                  202005bc    00000004     (.common:TExaSadc)
                  202005c0    00000001     ST7735.o (.bss.ColStart)
                  202005c1    00000001     ST7735.o (.bss.Rotation)
                  202005c2    00000001     ST7735.o (.bss.RowStart)
                  202005c3    00000001     ST7735.o (.bss.TabColor)

.stack     0    20207e00    00000200     UNINITIALIZED
                  20207e00    00000004     libc.a : boot_cortex_m.c.obj (.stack)
                  20207e04    000001fc     --HOLE--

__llvm_prf_cnts 
*          0    20200000    00000000     UNINITIALIZED

__llvm_prf_bits 
*          0    20200000    00000000     UNINITIALIZED

MODULE SUMMARY

       Module                         code   ro data   rw data
       ------                         ----   -------   -------
    .\
       Lab9Main.o                     226    16400     0      
       ST7735.o                       2914   1442      18     
       Clock.o                        516    0         4      
       SPI.o                          440    0         0      
       LaunchPad.o                    196    0         0      
       TExaS.o                        64     0         8      
       Sound.o                        2      0         0      
    +--+------------------------------+------+---------+---------+
       Total:                         4358   17842     30     
                                                              
    .\ticlang\
       startup_mspm0g3507_ticlang.o   60     192       0      
    +--+------------------------------+------+---------+---------+
       Total:                         60     192       0      
                                                              
    C:\ti\ccs2040\ccs\tools\compiler\ti-cgt-armllvm_4.0.4.LTS\lib\armv6m-ti-none-eabi/c/libc.a
       memory.c.obj                   702    0         5      
       fopen.c.obj                    556    0         0      
       defs.c.obj                     0      0         404    
       setvbuf.c.obj                  224    0         0      
       getdevice.c.obj                160    0         0      
       strcmp-armv6m.S.obj            136    0         0      
       copy_decompress_lzss.c.obj     124    0         0      
       fclose.c.obj                   124    0         0      
       fflush.c.obj                   82     0         0      
       exit.c.obj                     58     0         8      
       autoinit.c.obj                 60     0         0      
       boot_cortex_m.c.obj            40     0         0      
       copy_zero_init.c.obj           22     0         0      
       copy_decompress_none.c.obj     18     0         0      
       memcpy16.S.obj                 18     0         0      
       memset16.S.obj                 14     0         0      
       _lock.c.obj                    2      0         8      
       pre_init.c.obj                 4      0         0      
    +--+------------------------------+------+---------+---------+
       Total:                         2344   0         425    
                                                              
    C:\ti\ccs2040\ccs\tools\compiler\ti-cgt-armllvm_4.0.4.LTS\lib\armv6m-ti-none-eabi/c/libsysbm.a
       trgmsg.c.obj                   104    0         288    
       add_device.c.obj               236    0         1      
       host_device.c.obj              0      0         200    
       open.c.obj                     160    0         1      
       hostrename.c.obj               136    0         0      
       hostlseek.c.obj                108    0         0      
       hostopen.c.obj                 96     0         8      
       hostread.c.obj                 88     0         0      
       hostwrite.c.obj                88     0         0      
       close.c.obj                    80     0         0      
       hostclose.c.obj                72     0         0      
       hostunlink.c.obj               72     0         0      
       unlink.c.obj                   44     0         0      
       write.c.obj                    40     0         0      
       remove.c.obj                   8      0         0      
       hostexit.c.obj                 4      0         0      
    +--+------------------------------+------+---------+---------+
       Total:                         1336   0         498    
                                                              
    C:\ti\ccs2040\ccs\tools\compiler\ti-cgt-armllvm_4.0.4.LTS\lib\armv6m-ti-none-eabi/libclang_rt.builtins.a
       aeabi_uidivmod.S.obj           64     0         0      
       aeabi_memset.S.obj             12     0         0      
       aeabi_memcpy.S.obj             8      0         0      
       aeabi_div0.c.obj               2      0         0      
    +--+------------------------------+------+---------+---------+
       Total:                         86     0         0      
                                                              
       Heap:                          0      0         512    
       Stack:                         0      0         512    
       Linker Generated:              0      146       0      
    +--+------------------------------+------+---------+---------+
       Grand Total:                   8184   18180     1977   


LINKER GENERATED COPY TABLES

__TI_cinit_table @ 00006704 records: 2, size/record: 8, table size: 16
	.data: load addr=00006680, load size=0000006e bytes, run addr=20200200, run size=000001e9 bytes, compression=lzss
	.bss: load addr=000066fc, load size=00000008 bytes, run addr=202003ec, run size=000001d8 bytes, compression=zero_init


LINKER GENERATED HANDLER TABLE

__TI_handler_table @ 000066f0 records: 3, size/record: 4, table size: 12
	index: 0, handler: __TI_decompress_lzss
	index: 1, handler: __TI_decompress_none
	index: 2, handler: __TI_zero_init


GLOBAL SYMBOLS: SORTED ALPHABETICALLY BY Name 

address   name                          
-------   ----                          
000064ed  ADC0_IRQHandler               
000064ed  ADC1_IRQHandler               
000064ed  AES_IRQHandler                
00006131  ActivatePortA_B               
202003c0  BusFreq                       
0000593c  C$$EXIT                       
000062d1  C$$IO$$                       
000064ed  CANFD0_IRQHandler             
000065a7  Clock_Delay                   
000061a1  Clock_Delay1ms                
0000660d  Clock_Freq                    
00004891  Clock_Init80MHz               
00002c6c  Cow1                          
0000369e  Cow2                          
000064ed  DAC0_IRQHandler               
000064ed  DMA_IRQHandler                
000064ed  Default_Handler               
000065b7  Delay                         
000064ed  GROUP0_IRQHandler             
000064ed  GROUP1_IRQHandler             
00005f1d  HOSTclose                     
0000593d  HOSTexit                      
00005bc1  HOSTlseek                     
00005d69  HOSTopen                      
00005dc9  HOSTread                      
00005c2d  HOSTrename                    
00005f65  HOSTunlink                    
00005e21  HOSTwrite                     
00006509  HardFault_Handler             
000064ed  I2C0_IRQHandler               
000064ed  I2C1_IRQHandler               
00005a4d  LaunchPad_Init                
000064ed  NMI_Handler                   
0000663d  PLL_Init                      
000064ed  PendSV_Handler                
000064ed  RTC_IRQHandler                
00006673  Reset_Handler                 
000064ed  SPI0_IRQHandler               
000064ed  SPI1_IRQHandler               
00004f6d  SPI_Init                      
00005fad  SPI_OutCommand                
00006169  SPI_OutData                   
00005ff5  SPI_Reset                     
00004681  ST7735_DrawBitmap             
00004a45  ST7735_DrawChar               
000054dd  ST7735_DrawFastVLine          
000059c9  ST7735_DrawString             
00004d41  ST7735_FillRect               
000063d5  ST7735_FillScreen             
00005781  ST7735_InitPrintf             
0000581d  ST7735_InitR                  
0000540d  ST7735_OutChar                
000061d5  ST7735_SetCursor              
00005065  ST7735_SetRotation            
00006647  ST7735_close                  
000065d5  ST7735_lseek                  
00006541  ST7735_open                   
00006557  ST7735_read                   
00006619  ST7735_rename                 
00006651  ST7735_unlink                 
00006209  ST7735_write                  
000064ed  SVC_Handler                   
202003d8  StTextColor                   
202003c4  StX                           
202003c8  StY                           
000056df  SysTick_Handler               
202005b8  TExaSLogic                    
202005bc  TExaSadc                      
000064ed  TIMA0_IRQHandler              
000064ed  TIMA1_IRQHandler              
000064ed  TIMG0_IRQHandler              
0000642d  TIMG12_IRQHandler             
000064ed  TIMG6_IRQHandler              
00006035  TIMG7_IRQHandler              
000064ed  TIMG8_IRQHandler              
00006583  TI_memcpy_small               
000065ff  TI_memset_small               
000064ed  UART0_IRQHandler              
000064ed  UART1_IRQHandler              
000064ed  UART2_IRQHandler              
000064ed  UART3_IRQHandler              
202003ec  _CIOBUF_                      
202003ec  __CIOBUF_                     
20208000  __STACK_END                   
00000200  __STACK_SIZE                  
00000200  __SYSMEM_SIZE                 
00000000  __TI_ATRegion0_region_sz      
00000000  __TI_ATRegion0_src_addr       
00000000  __TI_ATRegion0_trg_addr       
00000000  __TI_ATRegion1_region_sz      
00000000  __TI_ATRegion1_src_addr       
00000000  __TI_ATRegion1_trg_addr       
00000000  __TI_ATRegion2_region_sz      
00000000  __TI_ATRegion2_src_addr       
00000000  __TI_ATRegion2_trg_addr       
00006704  __TI_CINIT_Base               
00006714  __TI_CINIT_Limit              
00006714  __TI_CINIT_Warm               
000066f0  __TI_Handler_Table_Base       
000066fc  __TI_Handler_Table_Limit      
000060f5  __TI_auto_init_nobinit_nopinit
0000623d  __TI_cleanup                  
202003b8  __TI_cleanup_ptr              
00005ac9  __TI_closefile                
00005b45  __TI_decompress_lzss          
00006595  __TI_decompress_none          
00005e79  __TI_doflush                  
202003bc  __TI_dtors_ptr                
202003cc  __TI_ft_end                   
ffffffff  __TI_pprof_out_hndl           
ffffffff  __TI_prof_data_size           
ffffffff  __TI_prof_data_start          
00006271  __TI_readmsg                  
00000000  __TI_static_base__            
2020050c  __TI_tmpnams                  
000062a5  __TI_writemsg                 
0000656d  __TI_zero_init_nomemset       
00005ecb  __aeabi_idiv0                 
00006625  __aeabi_memclr                
00006625  __aeabi_memclr4               
00006625  __aeabi_memclr8               
0000665d  __aeabi_memcpy                
0000665d  __aeabi_memcpy4               
0000665d  __aeabi_memcpy8               
00006075  __aeabi_uidiv                 
00006075  __aeabi_uidivmod              
ffffffff  __binit__                     
UNDEFED   __mpu_init                    
20207e00  __stack                       
20200000  __start___llvm_prf_bits       
20200000  __start___llvm_prf_cnts       
20200000  __stop___llvm_prf_bits        
20200000  __stop___llvm_prf_cnts        
000064a5  _c_int00_noargs               
202002f0  _device                       
20200200  _ftable                       
202003d0  _lock                         
000064eb  _nop                          
20200368  _stream                       
20200000  _sys_memory                   
UNDEFED   _system_post_cinit            
00006677  _system_pre_init              
202003d4  _unlock                       
0000666d  abort                         
00005159  add_device                    
00004e59  aligned_alloc                 
000000c0  bevo1                         
00001696  bevo2                         
ffffffff  binit                         
00005ecd  close                         
000062d9  exit                          
0000630d  finddevice                    
000063a5  fopen                         
00005245  free                          
00006341  freopen                       
00005c99  getdevice                     
00000000  interruptVectors              
0000558d  main                          
00006631  malloc                        
00004e59  memalign                      
000056e1  open                          
202005ac  parmbuf                       
00006665  remove                        
0000532d  setvbuf                       
00005941  strcmp                        
00006401  unlink                        
0000647d  write                         


GLOBAL SYMBOLS: SORTED BY Symbol Address 

address   name                          
-------   ----                          
00000000  __TI_ATRegion0_region_sz      
00000000  __TI_ATRegion0_src_addr       
00000000  __TI_ATRegion0_trg_addr       
00000000  __TI_ATRegion1_region_sz      
00000000  __TI_ATRegion1_src_addr       
00000000  __TI_ATRegion1_trg_addr       
00000000  __TI_ATRegion2_region_sz      
00000000  __TI_ATRegion2_src_addr       
00000000  __TI_ATRegion2_trg_addr       
00000000  __TI_static_base__            
00000000  interruptVectors              
000000c0  bevo1                         
00000200  __STACK_SIZE                  
00000200  __SYSMEM_SIZE                 
00001696  bevo2                         
00002c6c  Cow1                          
0000369e  Cow2                          
00004681  ST7735_DrawBitmap             
00004891  Clock_Init80MHz               
00004a45  ST7735_DrawChar               
00004d41  ST7735_FillRect               
00004e59  aligned_alloc                 
00004e59  memalign                      
00004f6d  SPI_Init                      
00005065  ST7735_SetRotation            
00005159  add_device                    
00005245  free                          
0000532d  setvbuf                       
0000540d  ST7735_OutChar                
000054dd  ST7735_DrawFastVLine          
0000558d  main                          
000056df  SysTick_Handler               
000056e1  open                          
00005781  ST7735_InitPrintf             
0000581d  ST7735_InitR                  
0000593c  C$$EXIT                       
0000593d  HOSTexit                      
00005941  strcmp                        
000059c9  ST7735_DrawString             
00005a4d  LaunchPad_Init                
00005ac9  __TI_closefile                
00005b45  __TI_decompress_lzss          
00005bc1  HOSTlseek                     
00005c2d  HOSTrename                    
00005c99  getdevice                     
00005d69  HOSTopen                      
00005dc9  HOSTread                      
00005e21  HOSTwrite                     
00005e79  __TI_doflush                  
00005ecb  __aeabi_idiv0                 
00005ecd  close                         
00005f1d  HOSTclose                     
00005f65  HOSTunlink                    
00005fad  SPI_OutCommand                
00005ff5  SPI_Reset                     
00006035  TIMG7_IRQHandler              
00006075  __aeabi_uidiv                 
00006075  __aeabi_uidivmod              
000060f5  __TI_auto_init_nobinit_nopinit
00006131  ActivatePortA_B               
00006169  SPI_OutData                   
000061a1  Clock_Delay1ms                
000061d5  ST7735_SetCursor              
00006209  ST7735_write                  
0000623d  __TI_cleanup                  
00006271  __TI_readmsg                  
000062a5  __TI_writemsg                 
000062d1  C$$IO$$                       
000062d9  exit                          
0000630d  finddevice                    
00006341  freopen                       
000063a5  fopen                         
000063d5  ST7735_FillScreen             
00006401  unlink                        
0000642d  TIMG12_IRQHandler             
0000647d  write                         
000064a5  _c_int00_noargs               
000064eb  _nop                          
000064ed  ADC0_IRQHandler               
000064ed  ADC1_IRQHandler               
000064ed  AES_IRQHandler                
000064ed  CANFD0_IRQHandler             
000064ed  DAC0_IRQHandler               
000064ed  DMA_IRQHandler                
000064ed  Default_Handler               
000064ed  GROUP0_IRQHandler             
000064ed  GROUP1_IRQHandler             
000064ed  I2C0_IRQHandler               
000064ed  I2C1_IRQHandler               
000064ed  NMI_Handler                   
000064ed  PendSV_Handler                
000064ed  RTC_IRQHandler                
000064ed  SPI0_IRQHandler               
000064ed  SPI1_IRQHandler               
000064ed  SVC_Handler                   
000064ed  TIMA0_IRQHandler              
000064ed  TIMA1_IRQHandler              
000064ed  TIMG0_IRQHandler              
000064ed  TIMG6_IRQHandler              
000064ed  TIMG8_IRQHandler              
000064ed  UART0_IRQHandler              
000064ed  UART1_IRQHandler              
000064ed  UART2_IRQHandler              
000064ed  UART3_IRQHandler              
00006509  HardFault_Handler             
00006541  ST7735_open                   
00006557  ST7735_read                   
0000656d  __TI_zero_init_nomemset       
00006583  TI_memcpy_small               
00006595  __TI_decompress_none          
000065a7  Clock_Delay                   
000065b7  Delay                         
000065d5  ST7735_lseek                  
000065ff  TI_memset_small               
0000660d  Clock_Freq                    
00006619  ST7735_rename                 
00006625  __aeabi_memclr                
00006625  __aeabi_memclr4               
00006625  __aeabi_memclr8               
00006631  malloc                        
0000663d  PLL_Init                      
00006647  ST7735_close                  
00006651  ST7735_unlink                 
0000665d  __aeabi_memcpy                
0000665d  __aeabi_memcpy4               
0000665d  __aeabi_memcpy8               
00006665  remove                        
0000666d  abort                         
00006673  Reset_Handler                 
00006677  _system_pre_init              
000066f0  __TI_Handler_Table_Base       
000066fc  __TI_Handler_Table_Limit      
00006704  __TI_CINIT_Base               
00006714  __TI_CINIT_Limit              
00006714  __TI_CINIT_Warm               
20200000  __start___llvm_prf_bits       
20200000  __start___llvm_prf_cnts       
20200000  __stop___llvm_prf_bits        
20200000  __stop___llvm_prf_cnts        
20200000  _sys_memory                   
20200200  _ftable                       
202002f0  _device                       
20200368  _stream                       
202003b8  __TI_cleanup_ptr              
202003bc  __TI_dtors_ptr                
202003c0  BusFreq                       
202003c4  StX                           
202003c8  StY                           
202003cc  __TI_ft_end                   
202003d0  _lock                         
202003d4  _unlock                       
202003d8  StTextColor                   
202003ec  _CIOBUF_                      
202003ec  __CIOBUF_                     
2020050c  __TI_tmpnams                  
202005ac  parmbuf                       
202005b8  TExaSLogic                    
202005bc  TExaSadc                      
20207e00  __stack                       
20208000  __STACK_END                   
ffffffff  __TI_pprof_out_hndl           
ffffffff  __TI_prof_data_size           
ffffffff  __TI_prof_data_start          
ffffffff  __binit__                     
ffffffff  binit                         
UNDEFED   __mpu_init                    
UNDEFED   _system_post_cinit            

[167 symbols]
